[digitonaut.com/art/jelly_gateways/index.html]
[digitonaut.com/art/jellyfish/index.html]
[backblue.gif]
[fade.gif]
[index.html]
[digitonaut.com/art/jelly-tube_forest/index.html]
[digitonaut.com/art/judging_begins/index.html]
[digitonaut.com/art/julialand/index.html]
[digitonaut.com/art/july_fireworks/index.html]
[digitonaut.com/art/julia_shader/index.html]
[digitonaut.com/art/jelly_gateways/index.html]
[digitonaut.com/art/jelly_gateways/main.js]
[digitonaut.com/art/jellyfish/css/style.css]
[digitonaut.com/art/jellyfish/js/initWin.js]
[digitonaut.com/art/jellyfish/js/initUniforms.js]
[digitonaut.com/art/jellyfish/js/lib/mjs.js]
[digitonaut.com/art/jellyfish/js/initTextures.js]
[digitonaut.com/art/jellyfish/js/initShaders.js]
[digitonaut.com/art/jellyfish/js/lib/jquery-1.4.2.min.js]
[digitonaut.com/art/jellyfish/js/initBuffers.js]
[digitonaut.com/art/jellyfish/js/interact.js]
[digitonaut.com/art/jelly_gateways/three.min.js]
[digitonaut.com/art/jellyfish/js/debug.js]
[digitonaut.com/art/jellyfish/js/tick.js]
[digitonaut.com/art/jellyfish/js/simulator.js]
[digitonaut.com/art/jellyfish/js/drawJellyfish.js]
[digitonaut.com/art/jellyfish/js/drawScene.js]
[platform.twitter.com/widgets.js]
[www.google-analytics.com/analytics.js]
[digitonaut.com/art/jellyfish/index.html]
[digitonaut.com/art/jelly-tube_forest/index.html]
[digitonaut.com/art/jelly-tube_forest/shader-web-background.min.js]
[digitonaut.com/art/judging_begins/index.html]
[digitonaut.com/art/judging_begins/shader-web-background.min.js]
[digitonaut.com/art/julia_shader/index.html]
[digitonaut.com/art/julia_shader/script.js]
[digitonaut.com/art/julialand/index.html]
[digitonaut.com/art/julialand/main.js]
[digitonaut.com/art/july_fireworks/index.html]
[digitonaut.com/art/jelly_gateways/main.css]
[digitonaut.com/art/jellyfish/css/style.css]
[digitonaut.com/art/julia_shader/style.css]
[digitonaut.com/art/julialand/main.css]
[digitonaut.com/art/july_fireworks/script.js]
[digitonaut.com/art/julialand/three.min.js]
[digitonaut.com/art/july_fireworks/style.css]
